------------------------------------------------------------
TimeQuest Timing Analyzer Summary
------------------------------------------------------------

Type  : Slow Model Setup 'clk'
Slack : -18.861
TNS   : -17875.149

Type  : Slow Model Setup 'clk_mem'
Slack : -15.842
TNS   : -614.647

Type  : Slow Model Hold 'clk'
Slack : 0.391
TNS   : 0.000

Type  : Slow Model Hold 'clk_mem'
Slack : 0.681
TNS   : 0.000

Type  : Slow Model Minimum Pulse Width 'clk_mem'
Slack : -2.000
TNS   : -374.916

Type  : Slow Model Minimum Pulse Width 'clk'
Slack : -1.380
TNS   : -1025.380

Type  : Fast Model Setup 'clk'
Slack : -8.614
TNS   : -8080.831

Type  : Fast Model Setup 'clk_mem'
Slack : -7.080
TNS   : -294.639

Type  : Fast Model Hold 'clk'
Slack : 0.215
TNS   : 0.000

Type  : Fast Model Hold 'clk_mem'
Slack : 0.292
TNS   : 0.000

Type  : Fast Model Minimum Pulse Width 'clk_mem'
Slack : -2.000
TNS   : -374.916

Type  : Fast Model Minimum Pulse Width 'clk'
Slack : -1.380
TNS   : -1025.380

------------------------------------------------------------
